   272	            raise RuntimeError(f"{slug}: APK unexpectedly small")
   273	        with zipfile.ZipFile(apk) as z:
   274	            if z.testzip() is not None:
   275	                raise RuntimeError(f"{slug}: corrupt APK")
   276	        badging = run([aapt, "dump", "badging", str(apk)]).stdout
   277	        expected = f"package: name='com.desarrollamo.{slug}' versionCode='1' versionName='{VERSION}'"
   278	        if expected not in badging:
   279	            raise RuntimeError(f"{slug}: identity mismatch: {badging[:300]}")
   280	        permissions = run([aapt, "dump", "permissions", str(apk)]).stdout
   281	        if "uses-permission:" in permissions:
   282	            raise RuntimeError(f"{slug}: unexpected permission: {permissions}")
   283	        sig = run([apksigner, "verify", "--verbose", "--print-certs", str(apk)]).stdout
   284	        m = re.search(r"Signer #1 certificate SHA-256 digest:\s*([0-9a-fA-F]+)", sig)
   285	        if not m:
   286	            raise RuntimeError(f"{slug}: signer digest unavailable")
   287	        cert = m.group(1).lower()
   288	        data = apk.read_bytes(); sha = hashlib.sha256(data).hexdigest(); size = len(data)
   289	        dest_dir = ROOT / "public-artifacts" / slug / VERSION
   290	        dest_dir.mkdir(parents=True, exist_ok=True)
   291	        dest = dest_dir / f"{name}-{VERSION}.apk"
   292	        shutil.copy2(apk, dest)
   293	        write(dest_dir / "sha256.txt", f"{sha}  {dest.name}\n")
   294	        artifact_url = f"https://raw.githubusercontent.com/amoedo7/StoreAMO-Catalog/main/public-artifacts/{slug}/{VERSION}/{dest.name}"
